airField                    | MFnAirField                    
ambientLight                | MFnAmbientLight                
animClip                    | MFnClip                        
animCurve                   | MFnAnimCurve                   
anisotropic                 | MFnAnisotropyShader            
areaLight                   | MFnAreaLight                   
arrayAttrsData              | MFnArrayAttrsData              
attribute                   | MFnAttribute                   
blendShape                  | MFnBlendShapeDeformer          
blinn                       | MFnBlinnShader                 
camera                      | MFnCamera                      
character                   | MFnCharacter                   
component                   | MFnComponent                   
componentListData           | MFnComponentListData           
compoundAttribute           | MFnCompoundAttribute           
containerBase               | MFnContainerNode
dagContainer                | MFnContainerNode
dagNode                     | MFnDagNode                     
data                        | MFnData                        
dependNode                  | MFnDependencyNode              
directionalLight            | MFnDirectionalLight            
doubleArrayData             | MFnDoubleArrayData             
doubleIndexedComponent      | MFnDoubleIndexedComponent      
dragField                   | MFnDragField                   
dynSweptGeometryData        | MFnDynSweptGeometryData        
enumAttribute               | MFnEnumAttribute               
expression                  | MFnExpression                  
ffd                         | MFnLatticeDeformer             
field                       | MFnField                       
fluidShape                  | MFnFluid                       
genericAttribute            | MFnGenericAttribute            
geometryData                | MFnGeometryData                
geometryFilter              | MFnGeometryFilter              
gravityField                | MFnGravityField                
hikEffector                 | MFnHikEffector                 
ikEffector                  | MFnIkEffector                  
ikHandle                    | MFnIkHandle                    
ikSolver                    | MFnIkSolver                    
instancer                   | MFnInstancer                   
intArrayData                | MFnIntArrayData                
joint                       | MFnIkJoint                     
lambert                     | MFnLambertShader               
lattice                     | MFnLattice                     
latticeData                 | MFnLatticeData                 
layeredShader               | MFnLayeredShader               
light                       | MFnLight                       
lightDataAttribute          | MFnLightDataAttribute          
matrixAttribute             | MFnMatrixAttribute             
matrixData                  | MFnMatrixData                  
mesh                        | MFnMesh                        
meshData                    | MFnMeshData                    
messageAttribute            | MFnMessageAttribute            
motionPath                  | MFnMotionPath                  
nIdData                     | MFnNIdData                     
nObjectData                 | MFnNObjectData                 
newtonField                 | MFnNewtonField                 
node                        | MFn                            
nonAmbientLight             | MFnNonAmbientLight             
nonExtendedLight            | MFnNonExtendedLight            
numericAttribute            | MFnNumericAttribute            
numericData                 | MFnNumericData                 
nurbsCurve                  | MFnNurbsCurve                  
nurbsCurveData              | MFnNurbsCurveData              
nurbsSurface                | MFnNurbsSurface                
nurbsSurfaceData            | MFnNurbsSurfaceData            
objectSet                   | MFnSet                         
particle                    | MFnParticleSystem              
partition                   | MFnPartition                   
pfxGeometry                 | MFnPfxGeometry                 
phong                       | MFnPhongShader                 
phongE                      | MFnPhongEShader                
pluginData                  | MFnPluginData                  
pointArrayData              | MFnPointArrayData              
pointLight                  | MFnPointLight                  
radialField                 | MFnRadialField                 
renderLayer                 | MFnRenderLayer                 
renderPass                  | MFnRenderPass                  
singleIndexedComponent      | MFnSingleIndexedComponent      
skinCluster                 | MFnSkinCluster                 
sphereData                  | MFnSphereData                  
spotLight                   | MFnSpotLight                   
stringArrayData             | MFnStringArrayData             
stringData                  | MFnStringData                  
subdData                    | MFnSubdData                    
subdiv                      | MFnSubd                        
textureToGeom               | MFnDependencyNode              
transform                   | MFnTransform                   
tripleIndexedComponent      | MFnTripleIndexedComponent      
turbulenceField             | MFnTurbulenceField             
typedAttribute              | MFnTypedAttribute              
uInt64ArrayData             | MFnUInt64ArrayData             
uint64SingleIndexedComponent| MFnUint64SingleIndexedComponent
uniformField                | MFnUniformField                
unitAttribute               | MFnUnitAttribute               
vectorArrayData             | MFnVectorArrayData             
volumeAxisField             | MFnVolumeAxisField             
volumeLight                 | MFnVolumeLight                 
vortexField                 | MFnVortexField                 
weightGeometryFilter        | MFnWeightGeometryFilter        
wire                        | MFnWireDeformer                
